cd ..
ls -l
git clone https://github.com/upszot/UTN-FRA_SO_Examenes.git 
sudo git clone https://github.com/upszot/UTN-FRA_SO_Examenes.git
clear
git clone git clone https://github.com/upszot/UTN-FRA_SO_Examenes.git
git clone https://github.com/Carola178/UTN-FRA_SO_2do_Parcial---Castanheira-Becq-Carola.git
cd ..
git clone https://github.com/Carola178/UTN-FRA_SO_2do_Parcial---Castanheira-Becq-Carola.git
sudo 
sudo git clone https://github.com/Carola178/UTN-FRA_SO_2do_Parcial---Castanheira-Becq-Carola.git
sudo chown -R Castanheira:Castanheira /home/vagrant
sudo chmod -R 777 /home/vagrant
sudo chown -R Castanheira:Castanheira /home/vagrant
clear
cd /home
git clone https://github.com/Carola178/UTN-FRA_SO_2do_Parcial---Castanheira-Becq-Carola.git
sudo chown -R Castanheira:Castanheira /home/vagrant
sudo chown -R Castanheira:Castanheira /home
sudo chown -R vagrant:vagrant /home/vagrant
cd ..
git clone https://github.com/Carola178/UTN-FRA_SO_2do_Parcial---Castanheira-Becq-Carola.git
clear
ls -l
clear
cd /home
sudo git clone https://github.com/upszot/UTN-FRA_SO_Examenes.git 
sudo usermod -aG sudo Castanheira
su -
usermod -aG sudo Castanheira
exit
cd ..
git clone https://github.com/upszot/UTN-FRA_SO_Examenes.git 
ls -ld /home
cd Castanheira
ls -l
cd /home
cd /home/Castanheira
git clone https://github.com/upszot/UTN-FRA_SO_Examenes.git
ls -l
cd /home
cd /home/Castanheira 
git clone https://github.com/Carola178/UTN-FRA_SO_2do_Parcial---Castanheira-Becq-Carola.git
ls -l
cd UTN-FRA_SO_Examenes/
ls -l
cd ..
clear
history
clear
ls -l
cd UTN-FRA_SO_2do_Parcial---Castanheira-Becq-Carola/
ls -l
vim Punto_A.sh
git init
git add .
git commit -m "Punto A"
git config --global user.email "carocastabecq@gmail.com"
git config --global user.name "Carola178"
git push origin main
git branch
git remote -v
git remote add origin https://github.com/Carola178/UTN-FRA_SO_2do_Parcial---Castanheira-Becq-Carola.git
git status
git commit -m "Punto A"
git push origin main
vim Punto_B.sh
clear
git remote add origin https://github.com/tu_usuario/tu_repositorio.git
git remote add origin https://github.com/Carola178/UTN-FRA_SO_2do_Parcial---Castanheira-Becq-Carola.git
git status
git commit -m "Punto B"
git push origin main
git push
git status
git add .
git commit -m "Punto B"
git push origin main
git add .
git commit -m "Punto B"
git push
clear
git status
git push
vim Punto_C.sh
git add .
git commit -m "Punto C"
git push origin main
vim Punto_D.sh
git add .
git commit -m "Punto D"
git push origin main
clear
vim Vagrantfile
ls -l
cd UTN-FRA_SO_Examenes/
ls -l
rm -r foo
ls -l
ls /home
cd ..
ls -l
cd UTN-FRA_SO_Examenes/
ls -l
cd ..
mkdir RTA_Examen_20241119
ls -l
mv ~/UTN-FRA_SO_2do_Parcial---Castanheira-Becq-Carola/Punto_A.sh ~/Punto_B.sh ~/Punto_C.sh ~/Punto_D.sh ~/RTA_Examen_20241119/
cd RTA_Examen_20241119/
cd ..
ls -l
cd ..
ld -l
ls -l
ls /home
cd /home
ls -l
cd Castanheira
ls -l
cd RTA_Examen_20241119/
ls -l
vim Punto_A.sh
clear
mkdir Punto_B.sh
vim Punto_B.sh
nano ~/Punto_B.sh
vim Punto_B.sh
sudo nano ~/Punto_B.sh
clear
ls -l
rm -r Punto_B.sh
ls -l
nano Punto_B.sh
ls -l
mkdir Punto_C.sh
cd ..
ls -l
cd ..
ls -l
cd /home
cd Castanheira/
ls -l
mv Punto_B.sh ~/RTA_Examen_20241119/
ls -l ~/RTA_Examen_20241119/
rm -r ~/RTA_Examen_20241119/Punto_C.sh
nano ~/RTA_Examen_20241119/Punto_C.sh
cd RTA_Examen_20241119/
ls -l
nano Punto_D.sh
ls -l
nano Punto_B.sh
nano Punto_C.sh
nano Punto_D.sh
clear
cd ..
mv Punto_A.sh Punto_B.sh Punto_C.sh Punto_D.sh ~/RTA_Examen_20241119/
cd RTA_Examen_20241119/
mv Punto_A.sh Punto_B.sh Punto_C.sh Punto_D.sh ~/RTA_Examen_20241119/
ls -l
mv UTN-FRA_SO_Examenes ~/RTA_Examen_20241119/
git status
cd ..
cd https://github.com/Carola178/UTN-FRA_SO_2do_Parcial---Castanheira-Becq-Carola.git
ls -l
cd UTN-FRA_SO_2do_Parcial---Castanheira-Becq-Carola/
git status
git add .
git commit -m "Examen"
git push origin main
nano Punto_A.sh
git add .
git commit -m "Punto A"
git push origin main
clear
cd ..
ls -l
cd RTA_Examen_20241119/
ls -l
git status
cd ~/UTN-FRA_SO_2do_Parcial---Castanheira-Becq-Carola
git status
git add .
git commit -m "Mover archivos de RTA_Examen_20241119 al repositorio principal"
git push
cd ..
mv ~/UTN-FRA_SO_Examenes ~/RTA_Examen_20241119/
mv ~/Punto_A.sh ~/Punto_B.sh ~/Punto_C.sh ~/Punto_D.sh ~/RTA_Examen_20241119/
mv ~/RTA_Examen_20241119/foo ~/
cd /home
ls -l
cd ..
ls -l
cd Castanheira
cd /home
cd Castanheira
ls -l
cd UTN-FRA_SO_2do_Parcial---Castanheira-Becq-Carola/
ls -l
chmod u+rwx ~/RTA_Examen_20241119
cd ..
ls -l ~/RTA_Examen_20241119
chmod u+rw ~/RTA_Examen_20241119/*
mv ~/UTN-FRA_SO_Examenes ~/RTA_Examen_20241119/
mv ~/UTN-FRA_SO_2do_Parcial---Castanheira-Becq-Carola/UTN-FRA_SO_Examenes ~/RTA_Examen_20241119/
ls -l ~/UTN-FRA_SO_2do_Parcial---Castanheira-Becq-Carola/
chmod u+rw ~/UTN-FRA_SO_2do_Parcial---Castanheira-Becq-Carola/*
mv ~/UTN-FRA_SO_2do_Parcial---Castanheira-Becq-Carola/UTN-FRA_SO_Examenes ~/RTA_Examen_20241119/
clear
mkdir RTA_Examen_20241119
ls -l
cd UTN-FRA_SO_2do_Parcial---Castanheira-Becq-Carola/
ls -l
mv ~/UTN-FRA_SO_2do_Parcial---Castanheira-Becq-Carola/Punto_A.sh ~/UTN-FRA_SO_2do_Parcial---Castanheira-Becq-Carola/Punto_B.sh ~/UTN-FRA_SO_2do_Parcial---Castanheira-Becq-Carola/Punto_C.sh ~/UTN-FRA_SO_2do_Parcial---Castanheira-Becq-Carola/Punto_D.sh ~/RTA_Examen_20241119/
cd ..
ls -l
cd RTA_Examen_20241119/
ls -l
git status
cd ..
git add .
cd RTA_Examen_20241119/
git add .
git commit -m "Estructura"
git push
clear
ls -l
# Suponiendo que los archivos están en "estructura"
mv estructura/foo .
mv estructura/script_Enable_ssh_password.sh .
mv estructura/archivo.txt .
rm -r estructura  # Si ya no necesitas la carpeta "estructura"
cd ..
ls -l
mkdir foo
ls -l
cd foo
touch foo/archivo.txt
echo " " > foo/archivo.txt
ls -l
touch archivo.txt
ls -l
touch foo/script_Enable_ssh_password.sh
touch script_Enable_ssh_password.sh
ls -l
nano script_Enable_ssh_password.sh 
touch Readme.md
nano Readme.md
cd ..
git status
cd foo
git status
cd ..
cd RTA_Examen_20241119/
git status
clear
cd ~/RTA_Examen_20241119
git status
git init
cd ..
git status
cd RTA_Examen_20241119/
git status
git add .
history
nano Punto_E.sh
git status
git add .
git commit -m "Punto E"
git push origin main
git push
git push origin master
git branch -m master main
git branch
git push -u origin main
git status
ls -l
git add .
git commit -m "Punto E"
git remote add origin https://github.com/Carola178/UTN-FRA_SO_2do_Parcial---Castanheira-Becq-Carola.git
git remote -v
git push -u origin main
git pull origin main
clear
git status
git add Punto_E.sh
git commit -m "Punto E"
git status
git diff Punto_E.sh
git check-ignore -v Punto_E.sh
git add -f Punto_E.sh
git log -- Punto_E.sh
git push origin main
git push
git push --set-upstream origin main
git pull origin main
git pull origin main --allow-unrelated-histories
git push origin main
clear
nano Punto_A.sh
git status
exit
nano Punto_C.sh
nano ~/Punto_A.sh
cd ..
git clone https://github.com/upszot/UTN-FRA_SO_Examenes.git 
cd home
git clone https://github.com/upszot/UTN-FRA_SO_Examenes.git
ls -ld 
sudo chmod u+rwx home
git clone https://github.com/upszot/UTN-FRA_SO_Examenes.git
clear
sudo chmod u+rwx /home/Castanheira
sudo usermod -aG sudo Castanheira
cd ..
clear
git clone https://github.com/upszot/UTN-FRA_SO_Examenes.git 
cd ..
cd home
sudo git clone https://github.com/upszot/UTN-FRA_SO_Examenes.git
exit
cd ..
sudo git clone https://github.com/upszot/UTN-FRA_SO_Examenes.git
git clone https://github.com/Carola178/UTN-FRA_SO_2do_Parcial---Castanheira-Becq-Carola.git
sudo git clone https://github.com/Carola178/UTN-FRA_SO_2do_Parcial---Castanheira-Becq-Carola.git
ls -la
./UTN-FRA_SO_Examenes/202406/script_Precondicion.sh 
source  ~/.bashrc  && history -a
history
clear
ls -l
cd UTN-FRA_SO_Examenes/
ls -l
cd ..
cd UTN-FRA_SO_2do_Parcial---Castanheira-Becq-Carola/
ls -l
mkdir /home/RTA__Examen_20241125
sudo 
sudo mkdir /home/RTA_Examen_20241125
clear
ls -l
cd ..
ls -l
mv /home/RTA__Examen_20241125 /home/UTN-FRA_SO_2do_Parcial---Castanheira-Becq-Carola/
sudo mv /home/RTA__Examen_20241125 /home/UTN-FRA_SO_2do_Parcial---Castanheira-Becq-Carola/
ls -l /home
sudo mv /home/RTA_Examen_20241125 /home/UTN-FRA_SO_2do_Parcial---Castanheira-Becq-Carola/
ls -l
cd UTN-FRA_SO_2do_Parcial---Castanheira-Becq-Carola/
ls -l
sudo mv Punto_A.sh Punto_B.sh Punto_C.sh Punto_D.sh UTN-FRA_SO_Examenes /home/UTN-FRA_SO_2do_Parcial---Castanheira-Becq-Carola/RTA_Examen_20241125/
ls -l
cd RTA_Examen_20241125/
ls -l
sudo mv Punto_E.sh /home/UTN-FRA_SO_2do_Parcial---Castanheixamen_20241125/
sudo mv Punto_E.sh /home/UTN-FRA_SO_2do_Parcial---Castanheira-Becq-Carola/RTA_Examen_20241125/
cd ..
ls -l
sudo mv Punto_E.sh /home/UTN-FRA_SO_2do_Parcial---Castanheira-Becq-Carola/RTA_Examen_20241125/
ls -l
cd RTA_Examen_20241125/
ls -l
clear
cd ..
sudo apt update 
cd ..
sudo apt install ansible -y 
ansible --version
for pkg in docker.io docker-doc docker-compose docker-compose-v2 podman-docker containerd runc; do sudo apt-get remove $pkg; done
# Add Docker's official GPG key:
sudo apt-get update
sudo apt-get install ca-certificates curl
sudo install -m 0755 -d /etc/apt/keyrings
sudo curl -fsSL https://download.docker.com/linux/ubuntu/gpg -o /etc/apt/keyrings/docker.asc
sudo chmod a+r /etc/apt/keyrings/docker.asc
# Add the repository to Apt sources:
echo   "deb [arch=$(dpkg --print-architecture) signed-by=/etc/apt/keyrings/docker.asc] https://download.docker.com/linux/ubuntu \
  $(. /etc/os-release && echo "$VERSION_CODENAME") stable" |   sudo tee /etc/apt/sources.list.d/docker.list > /dev/null
sudo apt-get update
sudo usermod -a -G docker vagrant
# Add Docker's official GPG key:
sudo apt-get update
sudo apt-get install ca-certificates curl
sudo install -m 0755 -d /etc/apt/keyrings
sudo curl -fsSL https://download.docker.com/linux/ubuntu/gpg -o /etc/apt/keyrings/docker.asc
sudo chmod a+r /etc/apt/keyrings/docker.asc
# Add the repository to Apt sources:
echo   "deb [arch=$(dpkg --print-architecture) signed-by=/etc/apt/keyrings/docker.asc] https://download.docker.com/linux/ubuntu \
  $(. /etc/os-release && echo "$VERSION_CODENAME") stable" |   sudo tee /etc/apt/sources.list.d/docker.list > /dev/null
sudo apt-get update
sudo usermod -a -G docker vagrant
docker --version
sudo snap install docker     # version 27.2.0
sudo snap remove docker
ansible --version
clear
for pkg in docker.io docker-doc docker-compose docker-compose-v2 podman-docker containerd runc; do sudo apt-get remove $pkg; done
clear
# Add Docker's official GPG key:
sudo apt-get update
sudo apt-get install ca-certificates curl
sudo install -m 0755 -d /etc/apt/keyrings
sudo curl -fsSL https://download.docker.com/linux/ubuntu/gpg -o /etc/apt/keyrings/docker.asc
sudo chmod a+r /etc/apt/keyrings/docker.asc
# Add the repository to Apt sources:
echo   "deb [arch=$(dpkg --print-architecture) signed-by=/etc/apt/keyrings/docker.asc] https://download.docker.com/linux/ubuntu \
  $(. /etc/os-release && echo "$VERSION_CODENAME") stable" |   sudo tee /etc/apt/sources.list.d/docker.list > /dev/null
sudo apt-get update
docker --version
sudo apt  install docker.io
sudo usermod -a -G docker Castanheira
docker --version
grep docker /etc/group
id
lsblk
clear
lsblk
exit
su Castanheira
exit
passwd Castanheira
clear
cd ..
ls -l
fdisk -l
lsblk
sudo fdisk /dev/sdd
sudo fdisk /dev/sdf
sudo fkdisk /dev/sdd
sudo fdisk /dev/sdd
free
sudo mkswap /dev/sdf1
free -h
sudo wipefs -a /dev/sdd1
sudo wipefs -a /dev/sdd2
sudo pvcreate /dev/sdd1 /dev/sdd2
sdf1
sudo pvs
sudo pgcreate vg_dato /dev/sdd1 /dev/sdd2
sudo pgcreate vg_temp /dev/sdf1
sudo dgs
sudo lvcreate -L +5M vg_datos -n lv_docker
sudo pvcreate /dev/sdd1 /dev/sdd2
sudo pvcreate  /dev/sdf1
sudo pvs
sudo pgcreate vg_dato /dev/sdd1 /dev/sdd2
sudo pgcreate vg_temp /dev/sdf1
sudo vgcreate vg_dato /dev/sdd1 /dev/sdd2
sudo vgcreate vg_temp /dev/sdf1
sudo lvcreate -L +5M vg_datos -n lv_docker
sudo lvcreate -L +5M vg_dato -n lv_docker
sudo lvcreate -L +100%FREE vg_dato -n lv_workareas
sudo lvcreate -L 100%FREE -n lv_workareas vg_dato
sudo lvcreate -L 10G -n lv_workareas vg_dato
sudo lvcreate -l 2G -n lv_workareas vg_dato
sudo lvcreate -l +100%FREE vg_temp -n lv_swap
sudo lvs
sudo fdisk -L
sudo fdisk -l
sudo mkfs.ext4 /dev/mapper/vg_dato-lv_docker
sudo mkfs.ext4 /dev/mapper/vg_datos-lv_workareas
sudo mkfs.ext4 /dev/mapper/vg_dato-lv_workareas
sudo mkswap /dev/mapper/vg_temp-lv_swap
sudo mount /dev/mapper/vg_dato-lv_docker /var/lib/docker
sudo mkdir -p /work
Command (m for help): n
All space for primary partitions is in use.
Command (m for help): q
vagrant@VMpruebas:~$ sudo fdisk /dev/sdf
Welcome to fdisk (util-linux 2.31.1).
Changes will remain in memory only, until you decide to write them.
Be careful before using the write command.
Device does not contain a recognized partition table.
Created a new DOS disklabel with disk identifier 0xaf851769.
Command (m for help): n
Partition type
Select (default p):
Using default response p.
Partition number (1-4, default 1):
First sector (2048-2097151, default 2048):
Last sector, +sectors or +size{K,M,G,T,P} (2048-2097151, default 2097151):
Created a new partition 1 of type 'Linux' and of size 1023 MiB.
Command (m for help): d
Selected partition 1
Partition 1 has been deleted.
Command (m for help): t
No partition is defined yet!
Command (m for help): p
Disk /dev/sdf: 1 GiB, 1073741824 bytes, 2097152 sectors
Units: sectors of 1 * 512 = 512 bytes
Sector size (logical/physical): 512 bytes / 512 bytes
I/O size (minimum/optimal): 512 bytes / 512 bytes
Disklabel type: dos
Disk identifier: 0xaf851769
Command (m for help): 8e
8: unknown command
Command (m for help): q
vagrant@VMpruebas:~$ sudo mkswap /dev/sdf
Setting up swapspace version 1, size = 1024 MiB (1073737728 bytes)
no label, UUID=dfca2dae-f245-4a8a-b524-9a3024b5a1fc
vagrant@VMpruebas:~$ cd Castanheira
-bash: cd: Castanheira: No such file or directory
vagrant@VMpruebas:~$ su Castanheira
Password:
Castanheira@VMpruebas:/home/vagrant$ clear
Castanheira@VMpruebas:/home/vagrant$ cd ..
Castanheira@VMpruebas:/home$ cd ..
Castanheira@VMpruebas:/$ ls -l
total 84
drwxr-xr-x   2 root    root     4096 Jun  7  2023 bin
drwxr-xr-x   3 root    root     4096 Nov 25 11:45 boot
drwxr-xr-x  15 root    root     3800 Nov 27 22:26 dev
drwxr-xr-x  97 root    root     4096 Nov 27 22:27 etc
drwxr-xr-x   7 root    root     4096 Nov 25 16:03 home
lrwxrwxrwx   1 root    root       34 Nov 25 11:45 initrd.img -> boot/initrd.img-4.15.0-213-generic
lrwxrwxrwx   1 root    root       34 Jun  7  2023 initrd.img.old -> boot/initrd.img-4.15.0-212-generic
drwxr-xr-x  22 root    root     4096 Nov 25 16:20 lib
drwxr-xr-x   2 root    root     4096 Jun  7  2023 lib64
drwx------   2 root    root    16384 Jun  7  2023 lost+found
drwxr-xr-x   2 root    root     4096 Jun  7  2023 media
drwxr-xr-x   2 root    root     4096 Jun  7  2023 mnt
drwxr-xr-x   3 root    root     4096 Nov 25 16:20 opt
dr-xr-xr-x 111 root    root        0 Nov 27 22:26 proc
drwx------   3 root    root     4096 Nov 19 16:36 root
drwxr-xr-x  28 root    root      960 Nov 27 22:29 run
drwxr-xr-x   2 root    root     4096 Nov 25 16:20 sbin
drwxr-xr-x   2 root    root     4096 Nov 19 16:36 snap
drwxr-xr-x   2 root    root     4096 Jun  7  2023 srv
dr-xr-xr-x  13 root    root        0 Nov 27 22:26 sys
drwxrwxrwt  10 root    root     4096 Nov 27 22:27 tmp
drwxr-xr-x  10 root    root     4096 Jun  7  2023 usr
drwxrwxrwx   1 vagrant vagrant  4096 Nov 19 16:35 vagrant
drwxr-xr-x  13 root    root     4096 Jun  7  2023 var
lrwxrwxrwx   1 root    root       31 Nov 25 11:45 vmlinuz -> boot/vmlinuz-4.15.0-213-generic
lrwxrwxrwx   1 root    root       31 Jun  7  2023 vmlinuz.old -> boot/vmlinuz-4.15.0-212-generic
Castanheira@VMpruebas:/$ fdisk -l
fdisk: cannot open /dev/sda: Permission denied
fdisk: cannot open /dev/sdf: Permission denied
fdisk: cannot open /dev/sdc: Permission denied
fdisk: cannot open /dev/sdb: Permission denied
fdisk: cannot open /dev/sdd: Permission denied
fdisk: cannot open /dev/sde: Permission denied
Castanheira@VMpruebas:/$ lsblk
NAME   MAJ:MIN RM SIZE RO TYPE MOUNTPOINT
sda      8:0    0  40G  0 disk
└─sda1   8:1    0  40G  0 part /
sdb      8:16   0  10M  0 disk
sdc      8:32   0  10G  0 disk
sdd      8:48   0   2G  0 disk
sde      8:64   0   2G  0 disk
sdf      8:80   0   1G  0 disk
Castanheira@VMpruebas:/$ sudo fdisk /dev/sdd
[sudo] password for Castanheira:
Welcome to fdisk (util-linux 2.31.1).
Changes will remain in memory only, until you decide to write them.
Be careful before using the write command.
Device does not contain a recognized partition table.
Created a new DOS disklabel with disk identifier 0x31d8e5a9.
Command (m for help): n
Partition type
Select (default p):
Using default response p.
Partition number (1-4, default 1):
First sector (2048-4194303, default 2048):
Last sector, +sectors or +size{K,M,G,T,P} (2048-4194303, default 4194303): +500M
Created a new partition 1 of type 'Linux' and of size 500 MiB.
Command (m for help): n
Partition type
Select (default p):
Using default response p.
Partition number (2-4, default 2):
First sector (1026048-4194303, default 1026048):
Last sector, +sectors or +size{K,M,G,T,P} (1026048-4194303, default 4194303): +1.5G
Created a new partition 2 of type 'Linux' and of size 1.5 GiB.
Command (m for help): w
The partition table has been altered.
Calling ioctl() to re-read partition table.
Syncing disks.
Castanheira@VMpruebas:/$ sudo fdisk /dev/sdf
Welcome to fdisk (util-linux 2.31.1).
Changes will remain in memory only, until you decide to write them.
Be careful before using the write command.
The old swap signature will be removed by a write command.
Device does not contain a recognized partition table.
Created a new DOS disklabel with disk identifier 0x60211664.
Command (m for help): q
Castanheira@VMpruebas:/$ sudo fdisk /dev/sdf
Welcome to fdisk (util-linux 2.31.1).
Changes will remain in memory only, until you decide to write them.
Be careful before using the write command.
The old swap signature will be removed by a write command.
Device does not contain a recognized partition table.
Created a new DOS disklabel with disk identifier 0x93df2f79.
Command (m for help): n
Partition type
Select (default p): p
Partition number (1-4, default 1):
First sector (2048-2097151, default 2048):
Last sector, +sectors or +size{K,M,G,T,P} (2048-2097151, default 2097151): +512M
Created a new partition 1 of type 'Linux' and of size 512 MiB.
Command (m for help): w
The partition table has been altered.
Calling ioctl() to re-read partition table.
Syncing disks.
Castanheira@VMpruebas:/$ sudo fkdisk /dev/sdd
sudo: fkdisk: command not found
Castanheira@VMpruebas:/$ sudo fdisk /dev/sdd
Welcome to fdisk (util-linux 2.31.1).
Changes will remain in memory only, until you decide to write them.
Be careful before using the write command.
Command (m for help): t
Partition number (1,2, default 2): 1
Hex code (type L to list all codes): 8e
Changed type of partition 'Linux' to 'Linux LVM'.
Command (m for help): p
Disk /dev/sdd: 2 GiB, 2147483648 bytes, 4194304 sectors
Units: sectors of 1 * 512 = 512 bytes
Sector size (logical/physical): 512 bytes / 512 bytes
I/O size (minimum/optimal): 512 bytes / 512 bytes
Disklabel type: dos
Disk identifier: 0x31d8e5a9
Device     Boot   Start     End Sectors  Size Id Type
/dev/sdd1          2048 1026047 1024000  500M 8e Linux LVM
/dev/sdd2       1026048 4147199 3121152  1.5G 83 Linux
Command (m for help): w
The partition table has been altered.
Calling ioctl() to re-read partition table.
Syncing disks.
Castanheira@VMpruebas:/$ free
Mem:        2040708      126316     1594700         680      319692     1767808
Swap:             0           0           0
Castanheira@VMpruebas:/$ sudo mkswap /dev/sdf1
Setting up swapspace version 1, size = 512 MiB (536866816 bytes)
no label, UUID=37b9a89d-e821-4607-8aee-3d411d1fb7c3
Castanheira@VMpruebas:/$ free -h
Mem:           1.9G        123M        1.5G        680K        312M        1.7G
Swap:            0B          0B          0B
Castanheira@VMpruebas:/$ sudo wipefs -a /dev/sdd1
Castanheira@VMpruebas:/$ sudo wipefs -a /dev/sdd2
Castanheira@VMpruebas:/$ sudo pvcreate /dev/sdd1 /dev/sdd2
Castanheira@VMpruebas:/$ sdf1
Command 'sdf1' not found, did you mean:
Try: sudo apt install <deb name>
Castanheira@VMpruebas:/$ sudo pvs
Castanheira@VMpruebas:/$ sudo pgcreate vg_dato /dev/sdd1 /dev/sdd2
sudo: pgcreate: command not found
Castanheira@VMpruebas:/$ sudo pgcreate vg_temp /dev/sdf1
sudo: pgcreate: command not found
Castanheira@VMpruebas:/$ sudo dgs
sudo: dgs: command not found
Castanheira@VMpruebas:/$ sudo lvcreate -L +5M vg_datos -n lv_docker
Castanheira@VMpruebas:/$ sudo pvcreate /dev/sdd1 /dev/sdd2
Castanheira@VMpruebas:/$ sudo pvcreate  /dev/sdf1
WARNING: swap signature detected on /dev/sdf1 at offset 4086. Wipe it? [y/n]: y
Castanheira@VMpruebas:/$ sudo pvs
Castanheira@VMpruebas:/$ sudo pgcreate vg_dato /dev/sdd1 /dev/sdd2
sudo: pgcreate: command not found
Castanheira@VMpruebas:/$ sudo pgcreate vg_temp /dev/sdf1
sudo: pgcreate: command not found
Castanheira@VMpruebas:/$ sudo vgcreate vg_dato /dev/sdd1 /dev/sdd2
Castanheira@VMpruebas:/$ sudo vgcreate vg_temp /dev/sdf1
Castanheira@VMpruebas:/$ sudo lvcreate -L +5M vg_datos -n lv_docker
Castanheira@VMpruebas:/$ sudo lvcreate -L +5M vg_dato -n lv_docker
Castanheira@VMpruebas:/$ sudo lvcreate -L +100%FREE vg_dato -n lv_workareas
Castanheira@VMpruebas:/$ sudo lvcreate -L 10G -n lv_workareas vg_dato
Castanheira@VMpruebas:/$ sudo lvcreate -l 2G -n lv_workareas vg_dato
Castanheira@VMpruebas:/$ sudo lvcreate -l +100%FREE vg_temp -n lv_swap
Castanheira@VMpruebas:/$ sudo lvs
Castanheira@VMpruebas:/$ sudo fdisk -L
fdisk: bad usage
Try 'fdisk --help' for more information.
Castanheira@VMpruebas:/$ sudo fdisk -l
Disk /dev/sda: 40 GiB, 42949672960 bytes, 83886080 sectors
Units: sectors of 1 * 512 = 512 bytes
Sector size (logical/physical): 512 bytes / 512 bytes
I/O size (minimum/optimal): 512 bytes / 512 bytes
Disklabel type: dos
Disk identifier: 0x49706975
Device     Boot Start      End  Sectors Size Id Type
/dev/sda1  *     2048 83886046 83883999  40G 83 Linux
Disk /dev/sdf: 1 GiB, 1073741824 bytes, 2097152 sectors
Units: sectors of 1 * 512 = 512 bytes
Sector size (logical/physical): 512 bytes / 512 bytes
I/O size (minimum/optimal): 512 bytes / 512 bytes
Disklabel type: dos
Disk identifier: 0x93df2f79
Device     Boot Start     End Sectors  Size Id Type
/dev/sdf1        2048 1050623 1048576  512M 83 Linux
Disk /dev/sdc: 10 GiB, 10737418240 bytes, 20971520 sectors
Units: sectors of 1 * 512 = 512 bytes
Sector size (logical/physical): 512 bytes / 512 bytes
I/O size (minimum/optimal): 512 bytes / 512 bytes
Disk /dev/sdb: 10 MiB, 10485760 bytes, 20480 sectors
Units: sectors of 1 * 512 = 512 bytes
Sector size (logical/physical): 512 bytes / 512 bytes
I/O size (minimum/optimal): 512 bytes / 512 bytes
Disk /dev/sdd: 2 GiB, 2147483648 bytes, 4194304 sectors
Units: sectors of 1 * 512 = 512 bytes
Sector size (logical/physical): 512 bytes / 512 bytes
I/O size (minimum/optimal): 512 bytes / 512 bytes
Disklabel type: dos
Disk identifier: 0x31d8e5a9
Device     Boot   Start     End Sectors  Size Id Type
/dev/sdd1          2048 1026047 1024000  500M 8e Linux LVM
/dev/sdd2       1026048 4147199 3121152  1.5G 83 Linux
Disk /dev/sde: 2 GiB, 2147483648 bytes, 4194304 sectors
Units: sectors of 1 * 512 = 512 bytes
Sector size (logical/physical): 512 bytes / 512 bytes
I/O size (minimum/optimal): 512 bytes / 512 bytes
Disk /dev/mapper/vg_dato-lv_docker: 8 MiB, 8388608 bytes, 16384 sectors
Units: sectors of 1 * 512 = 512 bytes
Sector size (logical/physical): 512 bytes / 512 bytes
I/O size (minimum/optimal): 512 bytes / 512 bytes
Disk /dev/mapper/vg_temp-lv_swap: 508 MiB, 532676608 bytes, 1040384 sectors
Units: sectors of 1 * 512 = 512 bytes
Sector size (logical/physical): 512 bytes / 512 bytes
I/O size (minimum/optimal): 512 bytes / 512 bytes
Castanheira@VMpruebas:/$ sudo mkfs.ext4 /dev/mapper/vg_dato-lv_docker
mke2fs 1.44.1 (24-Mar-2018)
Creating filesystem with 8192 1k blocks and 2048 inodes
Allocating group tables: done
Writing inode tables: done
Creating journal (1024 blocks): done
Writing superblocks and filesystem accounting information: done
Castanheira@VMpruebas:/$ sudo mkfs.ext4 /dev/mapper/vg_datos-lv_workareas
mke2fs 1.44.1 (24-Mar-2018)
The file /dev/mapper/vg_datos-lv_workareas does not exist and no size was specified.
Castanheira@VMpruebas:/$ sudo mkfs.ext4 /dev/mapper/vg_dato-lv_workareas
mke2fs 1.44.1 (24-Mar-2018)
The file /dev/mapper/vg_dato-lv_workareas does not exist and no size was specified.
Castanheira@VMpruebas:/$ sudo mkswap /dev/mapper/vg_temp-lv_swap
Setting up swapspace version 1, size = 508 MiB (532672512 bytes)
no label, UUID=4f25ca19-470d-408e-9636-5589f714a0eb
Castanheira@VMpruebas:/$ sudo mount /dev/mapper/vg_dato-lv_docker /var/lib/docker
Castanheira@VMpruebas:/$ sudo mkdir -p /work
Castanheira@VMpruebas:/$
sudo swapon /dev/vg_temp/lv_swap
free -h
sudo systemctl restart docker
sudo systemctl status docker
clear
lsblk
cd /usr/local/bin/
sudo ./castanheiraAltaUser-Groups.sh castanheira /home/castanheira/UTN-FRA_SO_Examenes/20241106/bash_script/Lista_Usuarios.txt 
cd ..
clear
ls -l
cd home
ls -l
cd UTN-FRA_SO_2do_Parcial---Castanheira-Becq-Carola/
ls -l
cd ..
cd UTN-FRA_SO_Examenes/
ls -l
cd 202406
ls -l
cd docker
cd ..
clear
exit
cd ..
ls -l
cd home
ls -l
cd UTN-FRA_SO_Examenes/
ls -l
cd 202406
ls -l
cd docker/
ls -l
df -h /var/lib/docker/
ls -la
vim index.html
sudo vim index.html
ls -l index.html
sudo vim index.html
sudo vim index.html 
clear
cat << EOF > dockerfile


EOF

touch Dockerfile
sudo touch Dockerfile
FROM nginx:latest
clear
ls -l
rm Dockerfile
sudo rm Dockerfile
ls -l
cat << EOF > Dockerfile
FROM nginx:latest
COPY index.html /usr/share/nginx/html/index.html
EOF

ls -l
sudo  cat << EOF > Dockerfile
FROM nginx:latest
COPY index.html /usr/share/nginx/html/index.html
EOF

sudo chmod u+w /home/UTN-FRA_SO_Examenes/202406/docker
cat << EOF > Dockerfile
FROM nginx:latest
COPY index.html /usr/share/nginx/html/index.html
EOF

sudo bash -c 'cat << EOF > Dockerfile
FROM nginx:latest
COPY index.html /usr/share/nginx/html/index.html
EOF'
ls -l
sudo bash -c 'cat << EOF > run.sh
        #! bin/bash
        docker run -d -p 8080:80 Carola10/webCastanheira:latest
EOF'
ls -l
docker login -u Carola10
docker login -u carola104
docker build -t carola104/webCastanheira:lates .
docker build -t carola104/webCastanheira:lates 
docker build -t carola104/webcastanheira:latest .
docker image list
docker push carola104/webcastanheira:latest
docker run -d -p 8080:80 carola104/webcastanheira:latest
cd ..
cat /etc/passwd
cat /etc/group
ls -la
clear
cd ~/UTN-FRA_SO_Examenes/202406/ansible/roles/2do_parcial/
cd home
ls -l
cd UTN-FRA_SO_Examenes/
cd 202406
cd ansible
cd roles/2do_parcial
clear
mkdir -p templates
sudo mkdir -p templates
sudo bash -c 'cat <<EOF > templates/template_alumno.j2
Nombre: Carola Apellido: Castanheira Becq
Division: 113
EOF'
sudo bash -c 'cat <<EOF > templates/template_equipo.j2
IP: {{ ansible_default_ipv4.address }}
Distribucion: {{ ansible_facts['distribution'] }}
Cantidad de Cores: {{ ansible_facts['processor_cores'] }}
EOF'
mkdir -p tasks
sudo bash -c 'cat <<EOF > tasks/main.yml
---
- name: Crear directorios en /tmp/2do_parcial/
  file:
    path: "/tmp/2do_parcial/{{ item }}"
    state: directory
  loop:
    - "alumno"
    - "equipo"

- name: Crear archivo datos_alumno.txt desde template
  template:
    src: ../templates/template_alumno.j2
    dest: /tmp/2do_parcial/alumno/datos_alumno.txt

- name: Crear archivo datos_equipo.txt desde template
  template:
    src: ../templates/template_equipo.j2
    dest: /tmp/2do_parcial/equipo/datos_equipo.txt

- name: Configurar sudoers para grupo 2PSupervisores sin password
  become: yes
  lineinfile:
    path: /etc/sudoers
    state: present
    line: "%2PSupervisores ALL=(ALL) NOPASSWD: ALL"
    validate: 'visudo -cf %s'
EOF'
mkdir -p tests
sudo bash -c 'cat <<EOF > tests/inventory
localhost ansible_connection=local
EOF'
sudo bash -c 'cat <<EOF > tests/test.yml
---
- name: Ejecutar tareas de Ansible para Punto D
  hosts: localhost
  become: yes
  tasks:
    - import_tasks: ../tasks/main.yml
EOF'
echo "Ejecutando playbook de Ansible..."
ansible-playbook -i tests/inventory tests/test.yml -c local
cd ..
ls -l
cat playbook.yml
cd ..
ls -l
cd UTN-FRA_SO_2do_Parcial---Castanheira-Becq-Carola/
ls -l
cd RTA_Examen_20241125/
ls -l
vim Punto_E.sh
clear
cd ..
history -a
history
cd ..
echo $HOME
cd home/Castanheira
ls -la ~/.bash_history
cp ~/.bash_history /home/Castanheira/.bash_history
git add .bash_history
pwd
cd /home/Castanheira/
find /home/Castanheira/ -type d -name ".git"
cd /home/Castanheira/RTA_Examen_20241119
git status
